 Loader0:mySubComp.numSent : Accumulator : Sum.u32 = 15; SumSQ.u32 = 15; Count.u64 = 15; 
 Loader1:mySubComp.numRecv : Accumulator : Sum.u32 = 15; SumSQ.u32 = 15; Count.u64 = 15; 
Simulation is complete, simulated time: 10 us
