271099:  14 Finished sending packets (total of 10)
271099:  30 Finished sending packets (total of 10)
271099:  46 Finished sending packets (total of 10)
271099:  62 Finished sending packets (total of 10)
271099:  78 Finished sending packets (total of 10)
271099:  94 Finished sending packets (total of 10)
271099:  110 Finished sending packets (total of 10)
271099:  126 Finished sending packets (total of 10)
271291:  13 Finished sending packets (total of 10)
271291:  29 Finished sending packets (total of 10)
271291:  45 Finished sending packets (total of 10)
271291:  61 Finished sending packets (total of 10)
271291:  77 Finished sending packets (total of 10)
271291:  93 Finished sending packets (total of 10)
271291:  109 Finished sending packets (total of 10)
271291:  125 Finished sending packets (total of 10)
271483:  12 Finished sending packets (total of 10)
271483:  28 Finished sending packets (total of 10)
271483:  44 Finished sending packets (total of 10)
271483:  60 Finished sending packets (total of 10)
271483:  76 Finished sending packets (total of 10)
271483:  92 Finished sending packets (total of 10)
271483:  108 Finished sending packets (total of 10)
271483:  124 Finished sending packets (total of 10)
271675:  15 Finished sending packets (total of 10)
271675:  31 Finished sending packets (total of 10)
271675:  47 Finished sending packets (total of 10)
271675:  63 Finished sending packets (total of 10)
271675:  79 Finished sending packets (total of 10)
271675:  95 Finished sending packets (total of 10)
271675:  111 Finished sending packets (total of 10)
271675:  127 Finished sending packets (total of 10)
272571:  10 Finished sending packets (total of 10)
272571:  26 Finished sending packets (total of 10)
272571:  42 Finished sending packets (total of 10)
272571:  58 Finished sending packets (total of 10)
272571:  74 Finished sending packets (total of 10)
272571:  90 Finished sending packets (total of 10)
272571:  106 Finished sending packets (total of 10)
272571:  122 Finished sending packets (total of 10)
272635:  11 Finished sending packets (total of 10)
272635:  27 Finished sending packets (total of 10)
272635:  43 Finished sending packets (total of 10)
272635:  59 Finished sending packets (total of 10)
272635:  75 Finished sending packets (total of 10)
272635:  91 Finished sending packets (total of 10)
272635:  107 Finished sending packets (total of 10)
272635:  123 Finished sending packets (total of 10)
273019:  9 Finished sending packets (total of 10)
273019:  25 Finished sending packets (total of 10)
273019:  41 Finished sending packets (total of 10)
273019:  57 Finished sending packets (total of 10)
273019:  73 Finished sending packets (total of 10)
273019:  89 Finished sending packets (total of 10)
273019:  105 Finished sending packets (total of 10)
273019:  121 Finished sending packets (total of 10)
273211:  8 Finished sending packets (total of 10)
273211:  24 Finished sending packets (total of 10)
273211:  40 Finished sending packets (total of 10)
273211:  56 Finished sending packets (total of 10)
273211:  72 Finished sending packets (total of 10)
273211:  88 Finished sending packets (total of 10)
273211:  104 Finished sending packets (total of 10)
273211:  120 Finished sending packets (total of 10)
273467:  2 Finished sending packets (total of 10)
273467:  18 Finished sending packets (total of 10)
273467:  34 Finished sending packets (total of 10)
273467:  50 Finished sending packets (total of 10)
273467:  66 Finished sending packets (total of 10)
273467:  82 Finished sending packets (total of 10)
273467:  98 Finished sending packets (total of 10)
273467:  114 Finished sending packets (total of 10)
273659:  1 Finished sending packets (total of 10)
273659:  17 Finished sending packets (total of 10)
273659:  33 Finished sending packets (total of 10)
273659:  49 Finished sending packets (total of 10)
273659:  65 Finished sending packets (total of 10)
273659:  81 Finished sending packets (total of 10)
273659:  97 Finished sending packets (total of 10)
273659:  113 Finished sending packets (total of 10)
274043:  3 Finished sending packets (total of 10)
274043:  19 Finished sending packets (total of 10)
274043:  35 Finished sending packets (total of 10)
274043:  51 Finished sending packets (total of 10)
274043:  67 Finished sending packets (total of 10)
274043:  83 Finished sending packets (total of 10)
274043:  99 Finished sending packets (total of 10)
274043:  115 Finished sending packets (total of 10)
274811:  6 Finished sending packets (total of 10)
274811:  22 Finished sending packets (total of 10)
274811:  38 Finished sending packets (total of 10)
274811:  54 Finished sending packets (total of 10)
274811:  70 Finished sending packets (total of 10)
274811:  86 Finished sending packets (total of 10)
274811:  102 Finished sending packets (total of 10)
274811:  118 Finished sending packets (total of 10)
274875:  0 Finished sending packets (total of 10)
274875:  16 Finished sending packets (total of 10)
274875:  32 Finished sending packets (total of 10)
274875:  48 Finished sending packets (total of 10)
274875:  64 Finished sending packets (total of 10)
274875:  80 Finished sending packets (total of 10)
274875:  96 Finished sending packets (total of 10)
274875:  112 Finished sending packets (total of 10)
275003:  5 Finished sending packets (total of 10)
275003:  21 Finished sending packets (total of 10)
275003:  37 Finished sending packets (total of 10)
275003:  53 Finished sending packets (total of 10)
275003:  69 Finished sending packets (total of 10)
275003:  85 Finished sending packets (total of 10)
275003:  101 Finished sending packets (total of 10)
275003:  117 Finished sending packets (total of 10)
275195:  4 Finished sending packets (total of 10)
275195:  20 Finished sending packets (total of 10)
275195:  36 Finished sending packets (total of 10)
275195:  52 Finished sending packets (total of 10)
275195:  68 Finished sending packets (total of 10)
275195:  84 Finished sending packets (total of 10)
275195:  100 Finished sending packets (total of 10)
275195:  116 Finished sending packets (total of 10)
275387:  7 Finished sending packets (total of 10)
275387:  23 Finished sending packets (total of 10)
275387:  39 Finished sending packets (total of 10)
275387:  55 Finished sending packets (total of 10)
275387:  71 Finished sending packets (total of 10)
275387:  87 Finished sending packets (total of 10)
275387:  103 Finished sending packets (total of 10)
275387:  119 Finished sending packets (total of 10)
289276: NIC 0 received all packets!
289276: NIC 16 received all packets!
289276: NIC 32 received all packets!
289276: NIC 48 received all packets!
289276: NIC 64 received all packets!
289276: NIC 80 received all packets!
289276: NIC 96 received all packets!
289276: NIC 112 received all packets!
289340: NIC 1 received all packets!
289340: NIC 17 received all packets!
289340: NIC 33 received all packets!
289340: NIC 49 received all packets!
289340: NIC 65 received all packets!
289340: NIC 81 received all packets!
289340: NIC 97 received all packets!
289340: NIC 113 received all packets!
289404: NIC 2 received all packets!
289404: NIC 18 received all packets!
289404: NIC 34 received all packets!
289404: NIC 50 received all packets!
289404: NIC 66 received all packets!
289404: NIC 82 received all packets!
289404: NIC 98 received all packets!
289404: NIC 114 received all packets!
289468: NIC 3 received all packets!
289468: NIC 19 received all packets!
289468: NIC 35 received all packets!
289468: NIC 51 received all packets!
289468: NIC 67 received all packets!
289468: NIC 83 received all packets!
289468: NIC 99 received all packets!
289468: NIC 115 received all packets!
289788: NIC 4 received all packets!
289788: NIC 20 received all packets!
289788: NIC 36 received all packets!
289788: NIC 52 received all packets!
289788: NIC 68 received all packets!
289788: NIC 84 received all packets!
289788: NIC 100 received all packets!
289788: NIC 116 received all packets!
289852: NIC 5 received all packets!
289852: NIC 21 received all packets!
289852: NIC 37 received all packets!
289852: NIC 53 received all packets!
289852: NIC 69 received all packets!
289852: NIC 85 received all packets!
289852: NIC 101 received all packets!
289852: NIC 117 received all packets!
289916: NIC 6 received all packets!
289916: NIC 22 received all packets!
289916: NIC 38 received all packets!
289916: NIC 54 received all packets!
289916: NIC 70 received all packets!
289916: NIC 86 received all packets!
289916: NIC 102 received all packets!
289916: NIC 118 received all packets!
289980: NIC 7 received all packets!
289980: NIC 23 received all packets!
289980: NIC 39 received all packets!
289980: NIC 55 received all packets!
289980: NIC 71 received all packets!
289980: NIC 87 received all packets!
289980: NIC 103 received all packets!
289980: NIC 119 received all packets!
290300: NIC 8 received all packets!
290300: NIC 24 received all packets!
290300: NIC 40 received all packets!
290300: NIC 56 received all packets!
290300: NIC 72 received all packets!
290300: NIC 88 received all packets!
290300: NIC 104 received all packets!
290300: NIC 120 received all packets!
290364: NIC 9 received all packets!
290364: NIC 25 received all packets!
290364: NIC 41 received all packets!
290364: NIC 57 received all packets!
290364: NIC 73 received all packets!
290364: NIC 89 received all packets!
290364: NIC 105 received all packets!
290364: NIC 121 received all packets!
290428: NIC 10 received all packets!
290428: NIC 26 received all packets!
290428: NIC 42 received all packets!
290428: NIC 58 received all packets!
290428: NIC 74 received all packets!
290428: NIC 90 received all packets!
290428: NIC 106 received all packets!
290428: NIC 122 received all packets!
290492: NIC 11 received all packets!
290492: NIC 12 received all packets!
290492: NIC 27 received all packets!
290492: NIC 28 received all packets!
290492: NIC 43 received all packets!
290492: NIC 44 received all packets!
290492: NIC 59 received all packets!
290492: NIC 60 received all packets!
290492: NIC 75 received all packets!
290492: NIC 76 received all packets!
290492: NIC 91 received all packets!
290492: NIC 92 received all packets!
290492: NIC 107 received all packets!
290492: NIC 108 received all packets!
290492: NIC 123 received all packets!
290492: NIC 124 received all packets!
290556: NIC 13 received all packets!
290556: NIC 29 received all packets!
290556: NIC 45 received all packets!
290556: NIC 61 received all packets!
290556: NIC 77 received all packets!
290556: NIC 93 received all packets!
290556: NIC 109 received all packets!
290556: NIC 125 received all packets!
290620: NIC 14 received all packets!
290620: NIC 30 received all packets!
290620: NIC 46 received all packets!
290620: NIC 62 received all packets!
290620: NIC 78 received all packets!
290620: NIC 94 received all packets!
290620: NIC 110 received all packets!
290620: NIC 126 received all packets!
290684: NIC 15 received all packets!
290684: NIC 31 received all packets!
290684: NIC 47 received all packets!
290684: NIC 63 received all packets!
290684: NIC 79 received all packets!
290684: NIC 95 received all packets!
290684: NIC 111 received all packets!
290684: NIC 127 received all packets!
Nic 0 had 273605 stalled cycles.
Nic 1 had 272389 stalled cycles.
Nic 10 had 271301 stalled cycles.
Nic 100 had 273925 stalled cycles.
Nic 101 had 273733 stalled cycles.
Nic 102 had 273541 stalled cycles.
Nic 103 had 274117 stalled cycles.
Nic 104 had 271941 stalled cycles.
Nic 105 had 271749 stalled cycles.
Nic 106 had 271301 stalled cycles.
Nic 107 had 271365 stalled cycles.
Nic 108 had 270213 stalled cycles.
Nic 109 had 270021 stalled cycles.
Nic 11 had 271365 stalled cycles.
Nic 110 had 269829 stalled cycles.
Nic 111 had 270405 stalled cycles.
Nic 112 had 273605 stalled cycles.
Nic 113 had 272389 stalled cycles.
Nic 114 had 272197 stalled cycles.
Nic 115 had 272773 stalled cycles.
Nic 116 had 273925 stalled cycles.
Nic 117 had 273733 stalled cycles.
Nic 118 had 273541 stalled cycles.
Nic 119 had 274117 stalled cycles.
Nic 12 had 270213 stalled cycles.
Nic 120 had 271941 stalled cycles.
Nic 121 had 271749 stalled cycles.
Nic 122 had 271301 stalled cycles.
Nic 123 had 271365 stalled cycles.
Nic 124 had 270213 stalled cycles.
Nic 125 had 270021 stalled cycles.
Nic 126 had 269829 stalled cycles.
Nic 127 had 270405 stalled cycles.
Nic 13 had 270021 stalled cycles.
Nic 14 had 269829 stalled cycles.
Nic 15 had 270405 stalled cycles.
Nic 16 had 273605 stalled cycles.
Nic 17 had 272389 stalled cycles.
Nic 18 had 272197 stalled cycles.
Nic 19 had 272773 stalled cycles.
Nic 2 had 272197 stalled cycles.
Nic 20 had 273925 stalled cycles.
Nic 21 had 273733 stalled cycles.
Nic 22 had 273541 stalled cycles.
Nic 23 had 274117 stalled cycles.
Nic 24 had 271941 stalled cycles.
Nic 25 had 271749 stalled cycles.
Nic 26 had 271301 stalled cycles.
Nic 27 had 271365 stalled cycles.
Nic 28 had 270213 stalled cycles.
Nic 29 had 270021 stalled cycles.
Nic 3 had 272773 stalled cycles.
Nic 30 had 269829 stalled cycles.
Nic 31 had 270405 stalled cycles.
Nic 32 had 273605 stalled cycles.
Nic 33 had 272389 stalled cycles.
Nic 34 had 272197 stalled cycles.
Nic 35 had 272773 stalled cycles.
Nic 36 had 273925 stalled cycles.
Nic 37 had 273733 stalled cycles.
Nic 38 had 273541 stalled cycles.
Nic 39 had 274117 stalled cycles.
Nic 4 had 273925 stalled cycles.
Nic 40 had 271941 stalled cycles.
Nic 41 had 271749 stalled cycles.
Nic 42 had 271301 stalled cycles.
Nic 43 had 271365 stalled cycles.
Nic 44 had 270213 stalled cycles.
Nic 45 had 270021 stalled cycles.
Nic 46 had 269829 stalled cycles.
Nic 47 had 270405 stalled cycles.
Nic 48 had 273605 stalled cycles.
Nic 49 had 272389 stalled cycles.
Nic 5 had 273733 stalled cycles.
Nic 50 had 272197 stalled cycles.
Nic 51 had 272773 stalled cycles.
Nic 52 had 273925 stalled cycles.
Nic 53 had 273733 stalled cycles.
Nic 54 had 273541 stalled cycles.
Nic 55 had 274117 stalled cycles.
Nic 56 had 271941 stalled cycles.
Nic 57 had 271749 stalled cycles.
Nic 58 had 271301 stalled cycles.
Nic 59 had 271365 stalled cycles.
Nic 6 had 273541 stalled cycles.
Nic 60 had 270213 stalled cycles.
Nic 61 had 270021 stalled cycles.
Nic 62 had 269829 stalled cycles.
Nic 63 had 270405 stalled cycles.
Nic 64 had 273605 stalled cycles.
Nic 65 had 272389 stalled cycles.
Nic 66 had 272197 stalled cycles.
Nic 67 had 272773 stalled cycles.
Nic 68 had 273925 stalled cycles.
Nic 69 had 273733 stalled cycles.
Nic 7 had 274117 stalled cycles.
Nic 70 had 273541 stalled cycles.
Nic 71 had 274117 stalled cycles.
Nic 72 had 271941 stalled cycles.
Nic 73 had 271749 stalled cycles.
Nic 74 had 271301 stalled cycles.
Nic 75 had 271365 stalled cycles.
Nic 76 had 270213 stalled cycles.
Nic 77 had 270021 stalled cycles.
Nic 78 had 269829 stalled cycles.
Nic 79 had 270405 stalled cycles.
Nic 8 had 271941 stalled cycles.
Nic 80 had 273605 stalled cycles.
Nic 81 had 272389 stalled cycles.
Nic 82 had 272197 stalled cycles.
Nic 83 had 272773 stalled cycles.
Nic 84 had 273925 stalled cycles.
Nic 85 had 273733 stalled cycles.
Nic 86 had 273541 stalled cycles.
Nic 87 had 274117 stalled cycles.
Nic 88 had 271941 stalled cycles.
Nic 89 had 271749 stalled cycles.
Nic 9 had 271749 stalled cycles.
Nic 90 had 271301 stalled cycles.
Nic 91 had 271365 stalled cycles.
Nic 92 had 270213 stalled cycles.
Nic 93 had 270021 stalled cycles.
Nic 94 had 269829 stalled cycles.
Nic 95 had 270405 stalled cycles.
Nic 96 had 273605 stalled cycles.
Nic 97 had 272389 stalled cycles.
Nic 98 had 272197 stalled cycles.
Nic 99 had 272773 stalled cycles.
Simulation is complete, simulated time: 290.684 us
