11739:  7 Finished sending packets (total of 10)
12443:  9 Finished sending packets (total of 10)
12507:  5 Finished sending packets (total of 10)
12699:  6 Finished sending packets (total of 10)
12795:  1 Finished sending packets (total of 10)
12891:  8 Finished sending packets (total of 10)
13243:  0 Finished sending packets (total of 10)
13499:  3 Finished sending packets (total of 10)
13595:  4 Finished sending packets (total of 10)
13691:  11 Finished sending packets (total of 10)
14267:  10 Finished sending packets (total of 10)
14555:  2 Finished sending packets (total of 10)
25436: NIC 4 received all packets!
25468: NIC 0 received all packets!
25500: NIC 5 received all packets!
25532: NIC 1 received all packets!
25548: NIC 6 received all packets!
25580: NIC 2 received all packets!
25596: NIC 7 received all packets!
25612: NIC 8 received all packets!
25708: NIC 3 received all packets!
25724: NIC 10 received all packets!
25740: NIC 9 received all packets!
25788: NIC 11 received all packets!
Nic 0 had 13133 stalled cycles.
Nic 1 had 12685 stalled cycles.
Nic 2 had 14445 stalled cycles.
Nic 3 had 13389 stalled cycles.
Nic 4 had 13485 stalled cycles.
Nic 5 had 12397 stalled cycles.
Nic 6 had 12589 stalled cycles.
Nic 7 had 11629 stalled cycles.
Nic 8 had 12781 stalled cycles.
Nic 9 had 12333 stalled cycles.
Nic 10 had 14157 stalled cycles.
Nic 11 had 13581 stalled cycles.
Simulation is complete, simulated time: 25.788 us
