131547:  11 Finished sending packets (total of 10)
132315:  10 Finished sending packets (total of 10)
133115:  83 Finished sending packets (total of 10)
133211:  63 Finished sending packets (total of 10)
133467:  95 Finished sending packets (total of 10)
134587:  99 Finished sending packets (total of 10)
135195:  79 Finished sending packets (total of 10)
135227:  82 Finished sending packets (total of 10)
135835:  62 Finished sending packets (total of 10)
136219:  61 Finished sending packets (total of 10)
136315:  39 Finished sending packets (total of 10)
136603:  27 Finished sending packets (total of 10)
136699:  47 Finished sending packets (total of 10)
136699:  98 Finished sending packets (total of 10)
136763:  55 Finished sending packets (total of 10)
137115:  26 Finished sending packets (total of 10)
137115:  94 Finished sending packets (total of 10)
137179:  75 Finished sending packets (total of 10)
137691:  93 Finished sending packets (total of 10)
137915:  19 Finished sending packets (total of 10)
138107:  3 Finished sending packets (total of 10)
138267:  23 Finished sending packets (total of 10)
138299:  2 Finished sending packets (total of 10)
138299:  74 Finished sending packets (total of 10)
138299:  81 Finished sending packets (total of 10)
138491:  80 Finished sending packets (total of 10)
138523:  78 Finished sending packets (total of 10)
138587:  51 Finished sending packets (total of 10)
138779:  9 Finished sending packets (total of 10)
138907:  43 Finished sending packets (total of 10)
139099:  8 Finished sending packets (total of 10)
139163:  22 Finished sending packets (total of 10)
139227:  73 Finished sending packets (total of 10)
139323:  1 Finished sending packets (total of 10)
139483:  54 Finished sending packets (total of 10)
139611:  46 Finished sending packets (total of 10)
140059:  60 Finished sending packets (total of 10)
140155:  21 Finished sending packets (total of 10)
140219:  31 Finished sending packets (total of 10)
140411:  7 Finished sending packets (total of 10)
140571:  59 Finished sending packets (total of 10)
140891:  58 Finished sending packets (total of 10)
140891:  103 Finished sending packets (total of 10)
140923:  97 Finished sending packets (total of 10)
141211:  42 Finished sending packets (total of 10)
141243:  30 Finished sending packets (total of 10)
141371:  96 Finished sending packets (total of 10)
141531:  0 Finished sending packets (total of 10)
141563:  53 Finished sending packets (total of 10)
141723:  18 Finished sending packets (total of 10)
141851:  77 Finished sending packets (total of 10)
141883:  6 Finished sending packets (total of 10)
142043:  92 Finished sending packets (total of 10)
142235:  76 Finished sending packets (total of 10)
142363:  20 Finished sending packets (total of 10)
142395:  45 Finished sending packets (total of 10)
142427:  50 Finished sending packets (total of 10)
142523:  57 Finished sending packets (total of 10)
142843:  44 Finished sending packets (total of 10)
142939:  25 Finished sending packets (total of 10)
143099:  38 Finished sending packets (total of 10)
143227:  52 Finished sending packets (total of 10)
143323:  37 Finished sending packets (total of 10)
144091:  17 Finished sending packets (total of 10)
144091:  107 Finished sending packets (total of 10)
144251:  71 Finished sending packets (total of 10)
144443:  35 Finished sending packets (total of 10)
144475:  72 Finished sending packets (total of 10)
144635:  106 Finished sending packets (total of 10)
144859:  36 Finished sending packets (total of 10)
144891:  34 Finished sending packets (total of 10)
145243:  49 Finished sending packets (total of 10)
145531:  41 Finished sending packets (total of 10)
145659:  5 Finished sending packets (total of 10)
145691:  15 Finished sending packets (total of 10)
145883:  70 Finished sending packets (total of 10)
145979:  4 Finished sending packets (total of 10)
146011:  105 Finished sending packets (total of 10)
146043:  40 Finished sending packets (total of 10)
146075:  14 Finished sending packets (total of 10)
146171:  16 Finished sending packets (total of 10)
146459:  56 Finished sending packets (total of 10)
146587:  102 Finished sending packets (total of 10)
146619:  29 Finished sending packets (total of 10)
146971:  24 Finished sending packets (total of 10)
147227:  48 Finished sending packets (total of 10)
147227:  101 Finished sending packets (total of 10)
147259:  69 Finished sending packets (total of 10)
147483:  104 Finished sending packets (total of 10)
147611:  100 Finished sending packets (total of 10)
148155:  91 Finished sending packets (total of 10)
148187:  13 Finished sending packets (total of 10)
148635:  12 Finished sending packets (total of 10)
148795:  87 Finished sending packets (total of 10)
148859:  28 Finished sending packets (total of 10)
149179:  86 Finished sending packets (total of 10)
149691:  33 Finished sending packets (total of 10)
149915:  85 Finished sending packets (total of 10)
150811:  32 Finished sending packets (total of 10)
150844: NIC 91 received all packets!
150907:  68 Finished sending packets (total of 10)
150972: NIC 92 received all packets!
151003:  67 Finished sending packets (total of 10)
151036: NIC 93 received all packets!
151036: NIC 100 received all packets!
151100: NIC 94 received all packets!
151100: NIC 101 received all packets!
151164: NIC 95 received all packets!
151164: NIC 102 received all packets!
151228: NIC 103 received all packets!
151356: NIC 96 received all packets!
151356: NIC 104 received all packets!
151420: NIC 90 received all packets!
151420: NIC 105 received all packets!
151484: NIC 97 received all packets!
151516: NIC 106 received all packets!
151548: NIC 4 received all packets!
151548: NIC 98 received all packets!
151612: NIC 5 received all packets!
151612: NIC 99 received all packets!
151676: NIC 6 received all packets!
151740: NIC 7 received all packets!
151772: NIC 107 received all packets!
151868: NIC 0 received all packets!
151996: NIC 1 received all packets!
152060: NIC 2 received all packets!
152092: NIC 16 received all packets!
152124: NIC 8 received all packets!
152156: NIC 17 received all packets!
152188: NIC 3 received all packets!
152220: NIC 18 received all packets!
152252: NIC 9 received all packets!
152284: NIC 19 received all packets!
152411:  66 Finished sending packets (total of 10)
152444: NIC 10 received all packets!
152475:  90 Finished sending packets (total of 10)
152507:  84 Finished sending packets (total of 10)
152539:  89 Finished sending packets (total of 10)
152603:  65 Finished sending packets (total of 10)
152667:  64 Finished sending packets (total of 10)
152700: NIC 11 received all packets!
152796: NIC 28 received all packets!
152860: NIC 12 received all packets!
152860: NIC 29 received all packets!
152924: NIC 13 received all packets!
152924: NIC 30 received all packets!
152988: NIC 31 received all packets!
153052: NIC 14 received all packets!
153180: NIC 15 received all packets!
153340: NIC 20 received all packets!
153404: NIC 21 received all packets!
153404: NIC 40 received all packets!
153468: NIC 22 received all packets!
153468: NIC 41 received all packets!
153532: NIC 23 received all packets!
153532: NIC 42 received all packets!
153596: NIC 43 received all packets!
153788: NIC 24 received all packets!
153980: NIC 25 received all packets!
154044: NIC 26 received all packets!
154108: NIC 27 received all packets!
154204: NIC 32 received all packets!
154332: NIC 33 received all packets!
154428: NIC 52 received all packets!
154460: NIC 34 received all packets!
154492: NIC 36 received all packets!
154556: NIC 53 received all packets!
154588: NIC 35 received all packets!
154620: NIC 37 received all packets!
154684: NIC 54 received all packets!
154715:  88 Finished sending packets (total of 10)
154748: NIC 38 received all packets!
154748: NIC 55 received all packets!
154876: NIC 39 received all packets!
154908: NIC 89 received all packets!
155164: NIC 48 received all packets!
155228: NIC 44 received all packets!
155228: NIC 49 received all packets!
155292: NIC 50 received all packets!
155292: NIC 65 received all packets!
155356: NIC 45 received all packets!
155356: NIC 64 received all packets!
155356: NIC 66 received all packets!
155420: NIC 51 received all packets!
155420: NIC 67 received all packets!
155484: NIC 46 received all packets!
155516: NIC 68 received all packets!
155548: NIC 47 received all packets!
155548: NIC 88 received all packets!
155580: NIC 69 received all packets!
155644: NIC 70 received all packets!
155708: NIC 71 received all packets!
155964: NIC 60 received all packets!
155964: NIC 76 received all packets!
155996: NIC 56 received all packets!
156028: NIC 61 received all packets!
156028: NIC 77 received all packets!
156092: NIC 62 received all packets!
156092: NIC 78 received all packets!
156124: NIC 57 received all packets!
156156: NIC 63 received all packets!
156156: NIC 79 received all packets!
156252: NIC 58 received all packets!
156252: NIC 80 received all packets!
156316: NIC 59 received all packets!
156316: NIC 81 received all packets!
156380: NIC 82 received all packets!
156444: NIC 72 received all packets!
156444: NIC 83 received all packets!
156508: NIC 73 received all packets!
156572: NIC 74 received all packets!
156636: NIC 75 received all packets!
156668: NIC 84 received all packets!
156732: NIC 85 received all packets!
156796: NIC 86 received all packets!
156860: NIC 87 received all packets!
Nic 0 had 140461 stalled cycles.
Nic 1 had 138253 stalled cycles.
Nic 2 had 137229 stalled cycles.
Nic 3 had 137037 stalled cycles.
Nic 36 had 143789 stalled cycles.
Nic 37 had 142253 stalled cycles.
Nic 38 had 142029 stalled cycles.
Nic 39 had 135245 stalled cycles.
Nic 72 had 143405 stalled cycles.
Nic 73 had 138157 stalled cycles.
Nic 74 had 137229 stalled cycles.
Nic 75 had 136109 stalled cycles.
Nic 12 had 147565 stalled cycles.
Nic 13 had 147117 stalled cycles.
Nic 14 had 145005 stalled cycles.
Nic 15 had 144621 stalled cycles.
Nic 48 had 146157 stalled cycles.
Nic 49 had 144173 stalled cycles.
Nic 50 had 141357 stalled cycles.
Nic 51 had 137517 stalled cycles.
Nic 84 had 151437 stalled cycles.
Nic 85 had 148845 stalled cycles.
Nic 86 had 148109 stalled cycles.
Nic 87 had 147725 stalled cycles.
Nic 24 had 145901 stalled cycles.
Nic 25 had 141869 stalled cycles.
Nic 26 had 136045 stalled cycles.
Nic 27 had 135533 stalled cycles.
Nic 60 had 138989 stalled cycles.
Nic 61 had 135149 stalled cycles.
Nic 62 had 134765 stalled cycles.
Nic 63 had 132141 stalled cycles.
Nic 96 had 140301 stalled cycles.
Nic 97 had 139853 stalled cycles.
Nic 98 had 135629 stalled cycles.
Nic 99 had 133517 stalled cycles.
Nic 4 had 144909 stalled cycles.
Nic 5 had 144589 stalled cycles.
Nic 6 had 140813 stalled cycles.
Nic 7 had 139341 stalled cycles.
Nic 40 had 144973 stalled cycles.
Nic 41 had 144461 stalled cycles.
Nic 42 had 140141 stalled cycles.
Nic 43 had 137837 stalled cycles.
Nic 76 had 141165 stalled cycles.
Nic 77 had 140781 stalled cycles.
Nic 78 had 137453 stalled cycles.
Nic 79 had 134125 stalled cycles.
Nic 16 had 145101 stalled cycles.
Nic 17 had 143021 stalled cycles.
Nic 18 had 140653 stalled cycles.
Nic 19 had 136845 stalled cycles.
Nic 52 had 142157 stalled cycles.
Nic 53 had 140493 stalled cycles.
Nic 54 had 138413 stalled cycles.
Nic 55 had 135693 stalled cycles.
Nic 88 had 153645 stalled cycles.
Nic 89 had 151469 stalled cycles.
Nic 90 had 151405 stalled cycles.
Nic 91 had 147085 stalled cycles.
Nic 28 had 147789 stalled cycles.
Nic 29 had 145549 stalled cycles.
Nic 30 had 140173 stalled cycles.
Nic 31 had 139149 stalled cycles.
Nic 64 had 151597 stalled cycles.
Nic 65 had 151533 stalled cycles.
Nic 66 had 151341 stalled cycles.
Nic 67 had 149933 stalled cycles.
Nic 100 had 146541 stalled cycles.
Nic 101 had 146157 stalled cycles.
Nic 102 had 145517 stalled cycles.
Nic 103 had 139821 stalled cycles.
Nic 8 had 138029 stalled cycles.
Nic 9 had 137709 stalled cycles.
Nic 10 had 131245 stalled cycles.
Nic 11 had 130477 stalled cycles.
Nic 44 had 141773 stalled cycles.
Nic 45 had 141325 stalled cycles.
Nic 46 had 138541 stalled cycles.
Nic 47 had 135629 stalled cycles.
Nic 80 had 137421 stalled cycles.
Nic 81 had 137229 stalled cycles.
Nic 82 had 134157 stalled cycles.
Nic 83 had 132045 stalled cycles.
Nic 20 had 141293 stalled cycles.
Nic 21 had 139085 stalled cycles.
Nic 22 had 138093 stalled cycles.
Nic 23 had 137197 stalled cycles.
Nic 56 had 145389 stalled cycles.
Nic 57 had 141453 stalled cycles.
Nic 58 had 139821 stalled cycles.
Nic 59 had 139501 stalled cycles.
Nic 92 had 140973 stalled cycles.
Nic 93 had 136621 stalled cycles.
Nic 94 had 136045 stalled cycles.
Nic 95 had 132397 stalled cycles.
Nic 32 had 149741 stalled cycles.
Nic 33 had 148621 stalled cycles.
Nic 34 had 143821 stalled cycles.
Nic 35 had 143373 stalled cycles.
Nic 68 had 149837 stalled cycles.
Nic 69 had 146189 stalled cycles.
Nic 70 had 144813 stalled cycles.
Nic 71 had 143181 stalled cycles.
Nic 104 had 146413 stalled cycles.
Nic 105 had 144941 stalled cycles.
Nic 106 had 143565 stalled cycles.
Nic 107 had 143021 stalled cycles.
Simulation is complete, simulated time: 156.86 us
