86443:  41 Finished sending packets (total of 10)
86539:  50 Finished sending packets (total of 10)
86971:  65 Finished sending packets (total of 10)
87963:  71 Finished sending packets (total of 10)
87979:  20 Finished sending packets (total of 10)
88651:  64 Finished sending packets (total of 10)
89195:  10 Finished sending packets (total of 10)
89371:  58 Finished sending packets (total of 10)
89419:  52 Finished sending packets (total of 10)
89771:  14 Finished sending packets (total of 10)
89883:  51 Finished sending packets (total of 10)
90171:  2 Finished sending packets (total of 10)
90411:  35 Finished sending packets (total of 10)
90667:  31 Finished sending packets (total of 10)
91083:  53 Finished sending packets (total of 10)
91403:  40 Finished sending packets (total of 10)
91531:  1 Finished sending packets (total of 10)
91579:  56 Finished sending packets (total of 10)
91611:  62 Finished sending packets (total of 10)
91691:  49 Finished sending packets (total of 10)
91739:  70 Finished sending packets (total of 10)
91787:  0 Finished sending packets (total of 10)
92347:  54 Finished sending packets (total of 10)
92363:  45 Finished sending packets (total of 10)
92427:  34 Finished sending packets (total of 10)
92635:  18 Finished sending packets (total of 10)
92683:  36 Finished sending packets (total of 10)
93547:  15 Finished sending packets (total of 10)
93627:  6 Finished sending packets (total of 10)
93675:  48 Finished sending packets (total of 10)
93851:  30 Finished sending packets (total of 10)
93915:  19 Finished sending packets (total of 10)
94107:  23 Finished sending packets (total of 10)
94139:  7 Finished sending packets (total of 10)
94363:  57 Finished sending packets (total of 10)
94699:  11 Finished sending packets (total of 10)
95403:  22 Finished sending packets (total of 10)
95547:  55 Finished sending packets (total of 10)
95659:  25 Finished sending packets (total of 10)
95707:  26 Finished sending packets (total of 10)
95755:  46 Finished sending packets (total of 10)
96059:  28 Finished sending packets (total of 10)
96059:  60 Finished sending packets (total of 10)
96107:  24 Finished sending packets (total of 10)
96619:  43 Finished sending packets (total of 10)
96715:  37 Finished sending packets (total of 10)
96747:  32 Finished sending packets (total of 10)
97115:  59 Finished sending packets (total of 10)
97451:  33 Finished sending packets (total of 10)
97467:  21 Finished sending packets (total of 10)
97531:  63 Finished sending packets (total of 10)
97707:  44 Finished sending packets (total of 10)
97771:  42 Finished sending packets (total of 10)
97819:  67 Finished sending packets (total of 10)
97835:  3 Finished sending packets (total of 10)
98123:  16 Finished sending packets (total of 10)
98139:  29 Finished sending packets (total of 10)
98667:  4 Finished sending packets (total of 10)
98811:  61 Finished sending packets (total of 10)
98843:  66 Finished sending packets (total of 10)
98875:  68 Finished sending packets (total of 10)
98939:  27 Finished sending packets (total of 10)
98955:  9 Finished sending packets (total of 10)
98955:  39 Finished sending packets (total of 10)
99243:  13 Finished sending packets (total of 10)
99371:  12 Finished sending packets (total of 10)
99403:  8 Finished sending packets (total of 10)
99467:  38 Finished sending packets (total of 10)
100011:  5 Finished sending packets (total of 10)
100123:  47 Finished sending packets (total of 10)
100171:  17 Finished sending packets (total of 10)
101115:  69 Finished sending packets (total of 10)
103084: NIC 35 received all packets!
103148: NIC 24 received all packets!
103260: NIC 46 received all packets!
103500: NIC 41 received all packets!
103532: NIC 7 received all packets!
103596: NIC 42 received all packets!
103612: NIC 45 received all packets!
103756: NIC 44 received all packets!
103788: NIC 9 received all packets!
103788: NIC 40 received all packets!
103788: NIC 50 received all packets!
103820: NIC 28 received all packets!
103900: NIC 47 received all packets!
103948: NIC 54 received all packets!
103948: NIC 63 received all packets!
104076: NIC 15 received all packets!
104140: NIC 57 received all packets!
104236: NIC 43 received all packets!
104236: NIC 48 received all packets!
104236: NIC 49 received all packets!
104268: NIC 27 received all packets!
104268: NIC 29 received all packets!
104268: NIC 52 received all packets!
104268: NIC 62 received all packets!
104332: NIC 14 received all packets!
104332: NIC 59 received all packets!
104348: NIC 39 received all packets!
104364: NIC 17 received all packets!
104396: NIC 55 received all packets!
104492: NIC 51 received all packets!
104524: NIC 10 received all packets!
104604: NIC 71 received all packets!
104620: NIC 12 received all packets!
104620: NIC 60 received all packets!
104652: NIC 26 received all packets!
104684: NIC 5 received all packets!
104716: NIC 8 received all packets!
104716: NIC 25 received all packets!
104716: NIC 69 received all packets!
104748: NIC 6 received all packets!
104748: NIC 30 received all packets!
104748: NIC 70 received all packets!
104780: NIC 13 received all packets!
104780: NIC 56 received all packets!
104812: NIC 31 received all packets!
104876: NIC 53 received all packets!
104908: NIC 11 received all packets!
104908: NIC 16 received all packets!
104908: NIC 19 received all packets!
104940: NIC 18 received all packets!
104972: NIC 64 received all packets!
105036: NIC 23 received all packets!
105116: NIC 67 received all packets!
105132: NIC 36 received all packets!
105196: NIC 32 received all packets!
105228: NIC 20 received all packets!
105228: NIC 65 received all packets!
105260: NIC 37 received all packets!
105292: NIC 22 received all packets!
105324: NIC 33 received all packets!
105324: NIC 66 received all packets!
105356: NIC 21 received all packets!
105356: NIC 38 received all packets!
105388: NIC 61 received all packets!
105452: NIC 1 received all packets!
105452: NIC 34 received all packets!
105452: NIC 58 received all packets!
105612: NIC 3 received all packets!
105676: NIC 2 received all packets!
105740: NIC 4 received all packets!
105836: NIC 0 received all packets!
105836: NIC 68 received all packets!
Nic 0 had 91077 stalled cycles.
Nic 1 had 90821 stalled cycles.
Nic 2 had 89461 stalled cycles.
Nic 3 had 97125 stalled cycles.
Nic 4 had 97957 stalled cycles.
Nic 5 had 99301 stalled cycles.
Nic 6 had 92917 stalled cycles.
Nic 7 had 93429 stalled cycles.
Nic 8 had 98693 stalled cycles.
Nic 9 had 98245 stalled cycles.
Nic 10 had 88485 stalled cycles.
Nic 11 had 93989 stalled cycles.
Nic 12 had 98661 stalled cycles.
Nic 13 had 98533 stalled cycles.
Nic 14 had 89061 stalled cycles.
Nic 15 had 92837 stalled cycles.
Nic 16 had 97413 stalled cycles.
Nic 17 had 99461 stalled cycles.
Nic 18 had 91925 stalled cycles.
Nic 19 had 93205 stalled cycles.
Nic 20 had 87269 stalled cycles.
Nic 21 had 96757 stalled cycles.
Nic 22 had 94693 stalled cycles.
Nic 23 had 93397 stalled cycles.
Nic 24 had 95397 stalled cycles.
Nic 25 had 94949 stalled cycles.
Nic 26 had 94997 stalled cycles.
Nic 27 had 98229 stalled cycles.
Nic 28 had 95349 stalled cycles.
Nic 29 had 97429 stalled cycles.
Nic 30 had 93141 stalled cycles.
Nic 31 had 89957 stalled cycles.
Nic 32 had 96037 stalled cycles.
Nic 33 had 96741 stalled cycles.
Nic 34 had 91717 stalled cycles.
Nic 35 had 89701 stalled cycles.
Nic 36 had 91973 stalled cycles.
Nic 37 had 96005 stalled cycles.
Nic 38 had 98757 stalled cycles.
Nic 39 had 98245 stalled cycles.
Nic 40 had 90693 stalled cycles.
Nic 41 had 85733 stalled cycles.
Nic 42 had 97061 stalled cycles.
Nic 43 had 95909 stalled cycles.
Nic 44 had 96997 stalled cycles.
Nic 45 had 91653 stalled cycles.
Nic 46 had 95045 stalled cycles.
Nic 47 had 99413 stalled cycles.
Nic 48 had 92965 stalled cycles.
Nic 49 had 90981 stalled cycles.
Nic 50 had 85829 stalled cycles.
Nic 51 had 89173 stalled cycles.
Nic 52 had 88709 stalled cycles.
Nic 53 had 90373 stalled cycles.
Nic 54 had 91637 stalled cycles.
Nic 55 had 94837 stalled cycles.
Nic 56 had 90869 stalled cycles.
Nic 57 had 93653 stalled cycles.
Nic 58 had 88661 stalled cycles.
Nic 59 had 96405 stalled cycles.
Nic 60 had 95349 stalled cycles.
Nic 61 had 98101 stalled cycles.
Nic 62 had 90901 stalled cycles.
Nic 63 had 96821 stalled cycles.
Nic 64 had 87941 stalled cycles.
Nic 65 had 86261 stalled cycles.
Nic 66 had 98133 stalled cycles.
Nic 67 had 97109 stalled cycles.
Nic 68 had 98165 stalled cycles.
Nic 69 had 100405 stalled cycles.
Nic 70 had 91029 stalled cycles.
Nic 71 had 87253 stalled cycles.
Simulation is complete, simulated time: 105.836 us
